// Vitest Snapshot v1, https://vitest.dev/guide/snapshot.html

exports[`Cometplot > renders cometPlot component for snapshot test 1`] = `
<svg
  class="chart dark:bg-gray-800 dark:text-gray-50 h-64 lg:w-4/12 md:w-6/12 text-gray-900 w-full"
  data-testid="cometPlot"
  id="cometplot"
>
  <g>
    <g
      class="yAxis axis"
      fill="none"
      font-family="sans-serif"
      font-size="10"
      text-anchor="end"
      transform="translate(40,0)"
    >
      <path
        class="domain"
        d="M-6,40.5H0.5V-39.5H-6"
        stroke="currentColor"
      />
      <g
        class="tick"
        opacity="1"
        transform="translate(0,30)"
      >
        <line
          stroke="currentColor"
          x2="-6"
        />
        <text
          dy="0.32em"
          fill="currentColor"
          x="-9"
        >
          Type A
        </text>
      </g>
      <g
        class="tick"
        opacity="1"
        transform="translate(0,10)"
      >
        <line
          stroke="currentColor"
          x2="-6"
        />
        <text
          dy="0.32em"
          fill="currentColor"
          x="-9"
        >
          Type B
        </text>
      </g>
      <g
        class="tick"
        opacity="1"
        transform="translate(0,-10)"
      >
        <line
          stroke="currentColor"
          x2="-6"
        />
        <text
          dy="0.32em"
          fill="currentColor"
          x="-9"
        >
          Type C
        </text>
      </g>
      <g
        class="tick"
        opacity="1"
        transform="translate(0,-30)"
      >
        <line
          stroke="currentColor"
          x2="-6"
        />
        <text
          dy="0.32em"
          fill="currentColor"
          x="-9"
        >
          Type D
        </text>
      </g>
    </g>
    <g
      class="axis--x axis "
      fill="none"
      font-family="sans-serif"
      font-size="10"
      text-anchor="middle"
      transform="translate(0, -40)"
    >
      <path
        class="domain"
        d="M40.5,6V0.5H-19.5V6"
        stroke="currentColor"
      />
      <g
        class="tick"
        opacity="1"
        transform="translate(40.5,0)"
      >
        <line
          stroke="currentColor"
          y2="6"
        />
        <text
          dy="0.71em"
          fill="currentColor"
          y="9"
        >
          0
        </text>
      </g>
      <g
        class="tick"
        opacity="1"
        transform="translate(28.5,0)"
      >
        <line
          stroke="currentColor"
          y2="6"
        />
        <text
          dy="0.71em"
          fill="currentColor"
          y="9"
        >
          20
        </text>
      </g>
      <g
        class="tick"
        opacity="1"
        transform="translate(16.5,0)"
      >
        <line
          stroke="currentColor"
          y2="6"
        />
        <text
          dy="0.71em"
          fill="currentColor"
          y="9"
        >
          40
        </text>
      </g>
      <g
        class="tick"
        opacity="1"
        transform="translate(4.5,0)"
      >
        <line
          stroke="currentColor"
          y2="6"
        />
        <text
          dy="0.71em"
          fill="currentColor"
          y="9"
        >
          60
        </text>
      </g>
      <g
        class="tick"
        opacity="1"
        transform="translate(-7.500000000000002,0)"
      >
        <line
          stroke="currentColor"
          y2="6"
        />
        <text
          dy="0.71em"
          fill="currentColor"
          y="9"
        >
          80
        </text>
      </g>
      <g
        class="tick"
        opacity="1"
        transform="translate(-19.5,0)"
      >
        <line
          stroke="currentColor"
          y2="6"
        />
        <text
          dy="0.71em"
          fill="currentColor"
          y="9"
        >
          100
        </text>
      </g>
    </g>
    <g
      class="data"
      clip-path="url(#clip)"
    >
      <g>
        <polyline
          class="comet-tail fill-current stroke-0"
          clip-path="url(#clip)"
          points="10 30, 10 25, 10 35, 10 30"
        />
        <path
          class="end-dots fill-current stroke-0"
          d="M5.642,0A5.642,5.642,0,1,1,-5.642,0A5.642,5.642,0,1,1,5.642,0"
          transform="translate(10,30)"
        />
      </g>
      <g>
        <polyline
          class="comet-tail fill-current stroke-0"
          clip-path="url(#clip)"
          points="40 10, 40 5, 40 15, 40 10"
        />
        <path
          class="end-dots fill-current stroke-0"
          d="M5.642,0A5.642,5.642,0,1,1,-5.642,0A5.642,5.642,0,1,1,5.642,0"
          transform="translate(40,10)"
        />
      </g>
      <g>
        <polyline
          class="comet-tail fill-current stroke-0"
          clip-path="url(#clip)"
          points="28 -10, 28 -15, 28 -5, 28 -10"
        />
        <path
          class="end-dots fill-current stroke-0"
          d="M5.642,0A5.642,5.642,0,1,1,-5.642,0A5.642,5.642,0,1,1,5.642,0"
          transform="translate(28,-10)"
        />
      </g>
      <g>
        <polyline
          class="comet-tail fill-current stroke-0"
          clip-path="url(#clip)"
          points="34 -30, 34 -35, 34 -25, 34 -30"
        />
        <path
          class="end-dots fill-current stroke-0"
          d="M5.642,0A5.642,5.642,0,1,1,-5.642,0A5.642,5.642,0,1,1,5.642,0"
          transform="translate(34,-30)"
        />
      </g>
    </g>
  </g>
  <clippath
    id="clip"
  >
    <rect
      height="8"
      width="-40"
      x="40"
      y="30"
    />
  </clippath>
</svg>
`;
