// Vitest Snapshot v1, https://vitest.dev/guide/snapshot.html

exports[`BarChartStacked > renders barchartstacked component for snapshot test 1`] = `
<svg
  class="chart dark:bg-gray-800 dark:text-gray-50 h-64 lg:w-4/12 md:w-6/12 text-gray-900 w-full"
  data-testid="barChartStacked"
  id="barChartStacked-test"
>
  <g>
    <g>
      <g
        class=""
      >
        <rect
          height="9.767441860465116"
          width="-24.242424242424242"
          x="60"
          y="6.04651162790698"
        />
        <rect
          height="9.767441860465116"
          width="-48.484848484848484"
          x="60"
          y="-7.906976744186046"
        />
        <rect
          height="9.767441860465116"
          width="-36.36363636363636"
          x="60"
          y="-21.86046511627907"
        />
        <rect
          height="9.767441860465116"
          width="-43.63636363636363"
          x="60"
          y="-35.81395348837209"
        />
      </g>
      <g
        class=""
      >
        <rect
          height="9.767441860465116"
          width="-14.545454545454547"
          x="60"
          y="6.04651162790698"
        />
        <rect
          height="9.767441860465116"
          width="-29.090909090909093"
          x="60"
          y="-7.906976744186046"
        />
        <rect
          height="9.767441860465116"
          width="-19.393939393939398"
          x="60"
          y="-21.86046511627907"
        />
        <rect
          height="9.767441860465116"
          width="-36.36363636363637"
          x="60"
          y="-35.81395348837209"
        />
      </g>
    </g>
    <g
      class="axis--x axis "
      fill="none"
      font-family="sans-serif"
      font-size="10"
      text-anchor="middle"
      transform="translate(0, -40)"
    >
      <path
        class="domain"
        d="M60.5,6V0.5H-19.5V6"
        stroke="currentColor"
      />
      <g
        class="tick"
        opacity="1"
        transform="translate(60.5,0)"
      >
        <line
          stroke="currentColor"
          y2="6"
        />
        <text
          dy="0.71em"
          fill="currentColor"
          y="9"
        >
          0
        </text>
      </g>
      <g
        class="tick"
        opacity="1"
        transform="translate(48.37878787878788,0)"
      >
        <line
          stroke="currentColor"
          y2="6"
        />
        <text
          dy="0.71em"
          fill="currentColor"
          y="9"
        >
          5
        </text>
      </g>
      <g
        class="tick"
        opacity="1"
        transform="translate(36.25757575757576,0)"
      >
        <line
          stroke="currentColor"
          y2="6"
        />
        <text
          dy="0.71em"
          fill="currentColor"
          y="9"
        >
          10
        </text>
      </g>
      <g
        class="tick"
        opacity="1"
        transform="translate(24.136363636363637,0)"
      >
        <line
          stroke="currentColor"
          y2="6"
        />
        <text
          dy="0.71em"
          fill="currentColor"
          y="9"
        >
          15
        </text>
      </g>
      <g
        class="tick"
        opacity="1"
        transform="translate(12.015151515151516,0)"
      >
        <line
          stroke="currentColor"
          y2="6"
        />
        <text
          dy="0.71em"
          fill="currentColor"
          y="9"
        >
          20
        </text>
      </g>
      <g
        class="tick"
        opacity="1"
        transform="translate(-0.10606060606060552,0)"
      >
        <line
          stroke="currentColor"
          y2="6"
        />
        <text
          dy="0.71em"
          fill="currentColor"
          y="9"
        >
          25
        </text>
      </g>
      <g
        class="tick"
        opacity="1"
        transform="translate(-12.227272727272723,0)"
      >
        <line
          stroke="currentColor"
          y2="6"
        />
        <text
          dy="0.71em"
          fill="currentColor"
          y="9"
        >
          30
        </text>
      </g>
    </g>
    <g
      class="yAxis axis"
      fill="none"
      font-family="sans-serif"
      font-size="10"
      text-anchor="end"
      transform="translate(60,0)"
    >
      <path
        class="domain"
        d="M-6,20.5H0.5V-39.5H-6"
        stroke="currentColor"
      />
      <g
        class="tick"
        opacity="1"
        transform="translate(0,10.930232558139538)"
      >
        <line
          stroke="currentColor"
          x2="-6"
        />
        <text
          dy="0.32em"
          fill="currentColor"
          x="-9"
        >
          Team A
        </text>
      </g>
      <g
        class="tick"
        opacity="1"
        transform="translate(0,-3.0232558139534884)"
      >
        <line
          stroke="currentColor"
          x2="-6"
        />
        <text
          dy="0.32em"
          fill="currentColor"
          x="-9"
        >
          Team B
        </text>
      </g>
      <g
        class="tick"
        opacity="1"
        transform="translate(0,-16.97674418604651)"
      >
        <line
          stroke="currentColor"
          x2="-6"
        />
        <text
          dy="0.32em"
          fill="currentColor"
          x="-9"
        >
          Team C
        </text>
      </g>
      <g
        class="tick"
        opacity="1"
        transform="translate(0,-30.930232558139537)"
      >
        <line
          stroke="currentColor"
          x2="-6"
        />
        <text
          dy="0.32em"
          fill="currentColor"
          x="-9"
        >
          Team D
        </text>
      </g>
    </g>
  </g>
</svg>
`;
